** Drc report for Engine Simulator 2.0.kicad_pcb **
** Created on 2026-09-19T12:41:23 **
** Report includes: Errors, Warnings **

** Found 58 DRC violations **
[lib_footprint_issues]: La libreria impronte 'PCM_Capacitor_THT_AKL' non è abilitata nella configurazione corrente
    Local override; warning
    @(123.0000 mm, 146.0449 mm): Footprint C5
[lib_footprint_issues]: La libreria impronte 'PCM_Diode_THT_AKL' non è abilitata nella configurazione corrente
    Local override; warning
    @(128.0000 mm, 88.3100 mm): Footprint DZ9
[lib_footprint_issues]: La libreria impronte 'PCM_Diode_THT_AKL' non è abilitata nella configurazione corrente
    Local override; warning
    @(119.2941 mm, 88.3100 mm): Footprint DZ8
[lib_footprint_issues]: La libreria impronte 'PCM_Diode_THT_AKL' non è abilitata nella configurazione corrente
    Local override; warning
    @(75.7647 mm, 88.3100 mm): Footprint DZ3
[lib_footprint_issues]: La libreria impronte 'PCM_Diode_THT_AKL' non è abilitata nella configurazione corrente
    Local override; warning
    @(58.3529 mm, 88.3100 mm): Footprint DZ1
[lib_footprint_issues]: La libreria impronte 'PCM_Diode_THT_AKL' non è abilitata nella configurazione corrente
    Local override; warning
    @(84.4706 mm, 88.3100 mm): Footprint DZ4
[lib_footprint_issues]: La libreria impronte 'PCM_Diode_THT_AKL' non è abilitata nella configurazione corrente
    Local override; warning
    @(93.1765 mm, 88.3100 mm): Footprint DZ5
[lib_footprint_issues]: La libreria impronte 'PCM_Diode_THT_AKL' non è abilitata nella configurazione corrente
    Local override; warning
    @(110.5882 mm, 88.3100 mm): Footprint DZ7
[lib_footprint_issues]: La libreria impronte 'PCM_Espressif' non è abilitata nella configurazione corrente
    Local override; warning
    @(84.5000 mm, 100.3600 mm): Footprint U1
[lib_footprint_issues]: La libreria impronte 'PCM_Diode_THT_AKL' non è abilitata nella configurazione corrente
    Local override; warning
    @(101.8824 mm, 88.3100 mm): Footprint DZ6
[lib_footprint_issues]: La libreria impronte 'PCM_Diode_THT_AKL' non è abilitata nella configurazione corrente
    Local override; warning
    @(67.0588 mm, 88.3100 mm): Footprint DZ2
[lib_footprint_issues]: La libreria impronte 'PCM_Capacitor_THT_AKL' non è abilitata nella configurazione corrente
    Local override; warning
    @(115.5000 mm, 146.0000 mm): Footprint C7
[lib_footprint_issues]: La libreria impronte 'PCM_Capacitor_THT_AKL' non è abilitata nella configurazione corrente
    Local override; warning
    @(141.0449 mm, 146.5000 mm): Footprint C4
[text_height]: Altezza testo fuori campo (vincoli impostazioni scheda altezza testo serigrafia alt. min 0,8000 mm; effettivo 0,7000 mm)
    Rule: vincoli impostazioni scheda altezza testo serigrafia; warning
    @(85.7700 mm, 105.4400 mm): Footprint text of U1 (VP/GPIO36)
[text_height]: Altezza testo fuori campo (vincoli impostazioni scheda altezza testo serigrafia alt. min 0,8000 mm; effettivo 0,7000 mm)
    Rule: vincoli impostazioni scheda altezza testo serigrafia; warning
    @(85.7700 mm, 107.9800 mm): Footprint text of U1 (VN/GPIO39)
[text_height]: Altezza testo fuori campo (vincoli impostazioni scheda altezza testo serigrafia alt. min 0,8000 mm; effettivo 0,7000 mm)
    Rule: vincoli impostazioni scheda altezza testo serigrafia; warning
    @(85.7700 mm, 110.5200 mm): Footprint text of U1 (GPIO34)
[text_height]: Altezza testo fuori campo (vincoli impostazioni scheda altezza testo serigrafia alt. min 0,8000 mm; effettivo 0,7000 mm)
    Rule: vincoli impostazioni scheda altezza testo serigrafia; warning
    @(85.7700 mm, 113.0600 mm): Footprint text of U1 (GPIO35)
[text_height]: Altezza testo fuori campo (vincoli impostazioni scheda altezza testo serigrafia alt. min 0,8000 mm; effettivo 0,7000 mm)
    Rule: vincoli impostazioni scheda altezza testo serigrafia; warning
    @(85.7700 mm, 115.6000 mm): Footprint text of U1 (GPIO32)
[text_height]: Altezza testo fuori campo (vincoli impostazioni scheda altezza testo serigrafia alt. min 0,8000 mm; effettivo 0,7000 mm)
    Rule: vincoli impostazioni scheda altezza testo serigrafia; warning
    @(85.7700 mm, 118.1400 mm): Footprint text of U1 (GPIO33)
[text_height]: Altezza testo fuori campo (vincoli impostazioni scheda altezza testo serigrafia alt. min 0,8000 mm; effettivo 0,7000 mm)
    Rule: vincoli impostazioni scheda altezza testo serigrafia; warning
    @(85.7700 mm, 120.6800 mm): Footprint text of U1 (GPIO25)
[text_height]: Altezza testo fuori campo (vincoli impostazioni scheda altezza testo serigrafia alt. min 0,8000 mm; effettivo 0,7000 mm)
    Rule: vincoli impostazioni scheda altezza testo serigrafia; warning
    @(85.7700 mm, 123.2200 mm): Footprint text of U1 (GPIO26)
[text_height]: Altezza testo fuori campo (vincoli impostazioni scheda altezza testo serigrafia alt. min 0,8000 mm; effettivo 0,7000 mm)
    Rule: vincoli impostazioni scheda altezza testo serigrafia; warning
    @(85.7700 mm, 125.7600 mm): Footprint text of U1 (GPIO27)
[text_height]: Altezza testo fuori campo (vincoli impostazioni scheda altezza testo serigrafia alt. min 0,8000 mm; effettivo 0,7000 mm)
    Rule: vincoli impostazioni scheda altezza testo serigrafia; warning
    @(85.7700 mm, 128.3000 mm): Footprint text of U1 (GPIO14/MTMS)
[text_height]: Altezza testo fuori campo (vincoli impostazioni scheda altezza testo serigrafia alt. min 0,8000 mm; effettivo 0,7000 mm)
    Rule: vincoli impostazioni scheda altezza testo serigrafia; warning
    @(85.7700 mm, 130.8400 mm): Footprint text of U1 (GPIO12/MTDI)
[text_height]: Altezza testo fuori campo (vincoli impostazioni scheda altezza testo serigrafia alt. min 0,8000 mm; effettivo 0,7000 mm)
    Rule: vincoli impostazioni scheda altezza testo serigrafia; warning
    @(85.7700 mm, 135.9200 mm): Footprint text of U1 (GPIO13/MTCK)
[text_height]: Altezza testo fuori campo (vincoli impostazioni scheda altezza testo serigrafia alt. min 0,8000 mm; effettivo 0,7000 mm)
    Rule: vincoli impostazioni scheda altezza testo serigrafia; warning
    @(85.7700 mm, 138.4600 mm): Footprint text of U1 (D2)
[text_height]: Altezza testo fuori campo (vincoli impostazioni scheda altezza testo serigrafia alt. min 0,8000 mm; effettivo 0,7000 mm)
    Rule: vincoli impostazioni scheda altezza testo serigrafia; warning
    @(85.7700 mm, 141.0000 mm): Footprint text of U1 (D3)
[text_height]: Altezza testo fuori campo (vincoli impostazioni scheda altezza testo serigrafia alt. min 0,8000 mm; effettivo 0,7000 mm)
    Rule: vincoli impostazioni scheda altezza testo serigrafia; warning
    @(85.7700 mm, 143.5400 mm): Footprint text of U1 (CMD)
[text_height]: Altezza testo fuori campo (vincoli impostazioni scheda altezza testo serigrafia alt. min 0,8000 mm; effettivo 0,7000 mm)
    Rule: vincoli impostazioni scheda altezza testo serigrafia; warning
    @(108.6300 mm, 102.9000 mm): Footprint text of U1 (GPIO23)
[text_height]: Altezza testo fuori campo (vincoli impostazioni scheda altezza testo serigrafia alt. min 0,8000 mm; effettivo 0,7000 mm)
    Rule: vincoli impostazioni scheda altezza testo serigrafia; warning
    @(108.6300 mm, 105.4400 mm): Footprint text of U1 (GPIO22)
[text_height]: Altezza testo fuori campo (vincoli impostazioni scheda altezza testo serigrafia alt. min 0,8000 mm; effettivo 0,7000 mm)
    Rule: vincoli impostazioni scheda altezza testo serigrafia; warning
    @(108.6300 mm, 107.9800 mm): Footprint text of U1 (GPIO1/U0TXD)
[text_height]: Altezza testo fuori campo (vincoli impostazioni scheda altezza testo serigrafia alt. min 0,8000 mm; effettivo 0,7000 mm)
    Rule: vincoli impostazioni scheda altezza testo serigrafia; warning
    @(108.6300 mm, 110.5200 mm): Footprint text of U1 (GPIO3/U0RXD)
[text_height]: Altezza testo fuori campo (vincoli impostazioni scheda altezza testo serigrafia alt. min 0,8000 mm; effettivo 0,7000 mm)
    Rule: vincoli impostazioni scheda altezza testo serigrafia; warning
    @(108.6300 mm, 113.0600 mm): Footprint text of U1 (GPIO21)
[text_height]: Altezza testo fuori campo (vincoli impostazioni scheda altezza testo serigrafia alt. min 0,8000 mm; effettivo 0,7000 mm)
    Rule: vincoli impostazioni scheda altezza testo serigrafia; warning
    @(108.6300 mm, 118.1400 mm): Footprint text of U1 (GPIO19)
[text_height]: Altezza testo fuori campo (vincoli impostazioni scheda altezza testo serigrafia alt. min 0,8000 mm; effettivo 0,7000 mm)
    Rule: vincoli impostazioni scheda altezza testo serigrafia; warning
    @(108.6300 mm, 120.6800 mm): Footprint text of U1 (GPIO18)
[text_height]: Altezza testo fuori campo (vincoli impostazioni scheda altezza testo serigrafia alt. min 0,8000 mm; effettivo 0,7000 mm)
    Rule: vincoli impostazioni scheda altezza testo serigrafia; warning
    @(108.6300 mm, 123.2200 mm): Footprint text of U1 (GPIO5)
[text_height]: Altezza testo fuori campo (vincoli impostazioni scheda altezza testo serigrafia alt. min 0,8000 mm; effettivo 0,7000 mm)
    Rule: vincoli impostazioni scheda altezza testo serigrafia; warning
    @(108.6300 mm, 125.7600 mm): Footprint text of U1 (GPIO17)
[text_height]: Altezza testo fuori campo (vincoli impostazioni scheda altezza testo serigrafia alt. min 0,8000 mm; effettivo 0,7000 mm)
    Rule: vincoli impostazioni scheda altezza testo serigrafia; warning
    @(108.6300 mm, 128.3000 mm): Footprint text of U1 (GPIO16)
[text_height]: Altezza testo fuori campo (vincoli impostazioni scheda altezza testo serigrafia alt. min 0,8000 mm; effettivo 0,7000 mm)
    Rule: vincoli impostazioni scheda altezza testo serigrafia; warning
    @(108.6300 mm, 130.8400 mm): Footprint text of U1 (GPIO4)
[text_height]: Altezza testo fuori campo (vincoli impostazioni scheda altezza testo serigrafia alt. min 0,8000 mm; effettivo 0,7000 mm)
    Rule: vincoli impostazioni scheda altezza testo serigrafia; warning
    @(108.6300 mm, 133.3800 mm): Footprint text of U1 (GPIO0)
[text_height]: Altezza testo fuori campo (vincoli impostazioni scheda altezza testo serigrafia alt. min 0,8000 mm; effettivo 0,7000 mm)
    Rule: vincoli impostazioni scheda altezza testo serigrafia; warning
    @(108.6300 mm, 135.9200 mm): Footprint text of U1 (GPIO2)
[text_height]: Altezza testo fuori campo (vincoli impostazioni scheda altezza testo serigrafia alt. min 0,8000 mm; effettivo 0,7000 mm)
    Rule: vincoli impostazioni scheda altezza testo serigrafia; warning
    @(108.6300 mm, 138.4600 mm): Footprint text of U1 (GPIO15/MTDO)
[text_height]: Altezza testo fuori campo (vincoli impostazioni scheda altezza testo serigrafia alt. min 0,8000 mm; effettivo 0,7000 mm)
    Rule: vincoli impostazioni scheda altezza testo serigrafia; warning
    @(108.6300 mm, 141.0000 mm): Footprint text of U1 (D1)
[text_height]: Altezza testo fuori campo (vincoli impostazioni scheda altezza testo serigrafia alt. min 0,8000 mm; effettivo 0,7000 mm)
    Rule: vincoli impostazioni scheda altezza testo serigrafia; warning
    @(108.6300 mm, 143.5400 mm): Footprint text of U1 (D0)
[text_height]: Altezza testo fuori campo (vincoli impostazioni scheda altezza testo serigrafia alt. min 0,8000 mm; effettivo 0,7000 mm)
    Rule: vincoli impostazioni scheda altezza testo serigrafia; warning
    @(108.6300 mm, 146.0800 mm): Footprint text of U1 (CLK)
[silk_overlap]: Silkscreen clearance
    Rule: vincoli impostazioni scheda serigrafia; warning
    @(104.0000 mm, 62.0000 mm): PCB text 'FAN IDLE' on F.Silkscreen
    @(105.0000 mm, 60.4875 mm): Polygon of J7 on F.Silkscreen
[silk_overlap]: Silkscreen clearance
    Rule: vincoli impostazioni scheda serigrafia; warning
    @(115.0000 mm, 62.0000 mm): PCB text 'VVT  BOOST' on F.Silkscreen
    @(116.5000 mm, 60.4875 mm): Polygon of J8 on F.Silkscreen
[silk_overlap]: Silkscreen clearance
    Rule: vincoli impostazioni scheda serigrafia; warning
    @(127.0000 mm, 62.0000 mm): PCB text 'MAP  CLT' on F.Silkscreen
    @(128.0000 mm, 60.4875 mm): Polygon of J12 on F.Silkscreen
[silk_overlap]: Silkscreen clearance
    Rule: vincoli impostazioni scheda serigrafia; warning
    @(117.8700 mm, 124.8100 mm): Reference field of R13
    @(118.1300 mm, 131.1200 mm): Segment of C3 on F.Silkscreen
[silk_overlap]: Silkscreen clearance
    Rule: vincoli impostazioni scheda serigrafia; warning
    @(118.4200 mm, 130.5300 mm): Reference field of D13
    @(118.1300 mm, 131.1200 mm): Segment of C3 on F.Silkscreen
[silk_overlap]: Silkscreen clearance
    Rule: vincoli impostazioni scheda serigrafia; warning
    @(118.2500 mm, 114.8000 mm): Rectangle of U4 on F.Silkscreen
    @(117.8700 mm, 124.8100 mm): Reference field of R13
[silk_overlap]: Silkscreen clearance
    Rule: vincoli impostazioni scheda serigrafia; warning
    @(137.6500 mm, 147.8800 mm): Segment of U3 on F.Silkscreen
    @(130.5000 mm, 148.0000 mm): Reference field of U3
[silk_overlap]: Silkscreen clearance
    Rule: vincoli impostazioni scheda serigrafia; warning
    @(130.6900 mm, 149.2600 mm): Segment of U3 on F.Silkscreen
    @(130.5000 mm, 148.0000 mm): Reference field of U3
[silk_overlap]: Silkscreen clearance
    Rule: vincoli impostazioni scheda serigrafia; warning
    @(131.7500 mm, 137.0000 mm): Reference field of C1
    @(131.1200 mm, 131.6300 mm): Segment of C2 on F.Silkscreen
[silk_overlap]: Silkscreen clearance
    Rule: vincoli impostazioni scheda serigrafia; warning
    @(56.0000 mm, 51.0000 mm): Rectangle on F.Silkscreen
    @(70.5000 mm, 60.4875 mm): Polygon of J4 on F.Silkscreen
[silk_overlap]: Silkscreen clearance
    Rule: vincoli impostazioni scheda serigrafia; warning
    @(59.5000 mm, 60.4875 mm): Polygon of J3 on F.Silkscreen
    @(56.0000 mm, 51.0000 mm): Rectangle on F.Silkscreen
[silk_overlap]: Silkscreen clearance
    Rule: vincoli impostazioni scheda serigrafia; warning
    @(82.0000 mm, 60.4875 mm): Polygon of J5 on F.Silkscreen
    @(79.0000 mm, 51.0000 mm): Rectangle on F.Silkscreen
[silk_overlap]: Silkscreen clearance
    Rule: vincoli impostazioni scheda serigrafia; warning
    @(93.0000 mm, 60.4875 mm): Polygon of J6 on F.Silkscreen
    @(79.0000 mm, 51.0000 mm): Rectangle on F.Silkscreen

** Found 0 unconnected pads **

** Found 0 Footprint errors **

** Ignored checks **
    - Footprint has no courtyard defined
    - Track endpoint not centered on via
    - Tuning profile track geometries
    - Footprint doesn't match symbol's footprint filters
    - Footprint component type doesn't match footprint pads

** End of Report **
